#
# There is insufficient memory for the Java Runtime Environment to continue.
# Native memory allocation (mmap) failed to map 264241152 bytes for Failed to commit area from 0x0000000704000000 to 0x0000000713c00000 of length 264241152.
# Possible reasons:
#   The system is out of physical RAM or swap space
#   The process is running with CompressedOops enabled, and the Java Heap may be blocking the growth of the native heap
# Possible solutions:
#   Reduce memory load on the system
#   Increase physical memory or swap space
#   Check if swap backing store is full
#   Decrease Java heap size (-Xmx/-Xms)
#   Decrease number of Java threads
#   Decrease Java thread stack sizes (-Xss)
#   Set larger code cache with -XX:ReservedCodeCacheSize=
# This output file may be truncated or incomplete.
#
#  Out of Memory Error (./src/hotspot/os/windows/os_windows.cpp:3380), pid=22812, tid=18888
#
# JRE version:  (11.0.12+7) (build )
# Java VM: OpenJDK 64-Bit Server VM (11.0.12+7, mixed mode, sharing, tiered, compressed oops, g1 gc, windows-amd64)
# No core dump will be written. Minidumps are not enabled by default on client versions of Windows
#

---------------  S U M M A R Y ------------

Command Line: -Dclassworlds.conf=C:\Users\l13y17w18.LABHCI\.m2\wrapper\dists\apache-maven-3.9.10\c420edeb14f9688d31a9d0c716a35be33c299d72b0941d215bce33cc6fa81815\bin\m2.conf -Dmaven.home=C:\Users\l13y17w18.LABHCI\.m2\wrapper\dists\apache-maven-3.9.10\c420edeb14f9688d31a9d0c716a35be33c299d72b0941d215bce33cc6fa81815 -Dlibrary.jansi.path=C:\Users\l13y17w18.LABHCI\.m2\wrapper\dists\apache-maven-3.9.10\c420edeb14f9688d31a9d0c716a35be33c299d72b0941d215bce33cc6fa81815\lib\jansi-native -Dmaven.multiModuleProjectDirectory=d:\IT342_G5_Natividad_Lab1\Labang Online\Labang-Online\backend org.codehaus.plexus.classworlds.launcher.Launcher --version

Host: 12th Gen Intel(R) Core(TM) i7-12700, 20 cores, 15G,  Windows 10 , 64 bit Build 26100 (10.0.26100.7920)
Time: Sat Mar  7 17:14:26 2026 Malay Peninsula Standard Time elapsed time: 0.012009 seconds (0d 0h 0m 0s)

---------------  T H R E A D  ---------------

Current thread (0x000002a684cf3800):  JavaThread "Unknown thread" [_thread_in_vm, id=18888, stack(0x000000c9b1200000,0x000000c9b1300000)]

Stack: [0x000000c9b1200000,0x000000c9b1300000]
Native frames: (J=compiled Java code, j=interpreted, Vv=VM code, C=native code)
V  [jvm.dll+0x6090fa]
V  [jvm.dll+0x79229e]
V  [jvm.dll+0x79396f]
V  [jvm.dll+0x794033]
V  [jvm.dll+0x24bed8]
V  [jvm.dll+0x60624a]
V  [jvm.dll+0x5facf5]
V  [jvm.dll+0x303b5c]
V  [jvm.dll+0x3039e2]
V  [jvm.dll+0x308706]
V  [jvm.dll+0x34d5cf]
V  [jvm.dll+0x34d000]
V  [jvm.dll+0x2e0c68]
V  [jvm.dll+0x2e1dc6]
V  [jvm.dll+0x76d627]
V  [jvm.dll+0x76edaf]
V  [jvm.dll+0x35a359]
V  [jvm.dll+0x750710]
V  [jvm.dll+0x3c1f8f]
V  [jvm.dll+0x3c4461]
C  [jli.dll+0x5207]
C  [ucrtbase.dll+0x37b0]
C  [KERNEL32.DLL+0x2e8d7]
C  [ntdll.dll+0x8c48c]


---------------  P R O C E S S  ---------------

Threads class SMR info:
_java_thread_list=0x000002a684786320, length=0, elements={
}

Java Threads: ( => current thread )

Other Threads:
  0x000002a684d0d800 GCTaskThread "GC Thread#0" [stack: 0x000000c9b1300000,0x000000c9b1400000] [id=20224]
  0x000002a684d6d800 ConcurrentGCThread "G1 Main Marker" [stack: 0x000000c9b1400000,0x000000c9b1500000] [id=13860]
  0x000002a684d75000 ConcurrentGCThread "G1 Conc#0" [stack: 0x000000c9b1500000,0x000000c9b1600000] [id=13956]

[error occurred during error reporting (printing all threads), id 0xc0000005, EXCEPTION_ACCESS_VIOLATION (0xc0000005) at pc=0x00007fff895a0337]

VM state:not at safepoint (not fully initialized)

VM Mutex/Monitor currently owned by a thread:  ([mutex/lock_event])
[0x000002a684cef8e0] Heap_lock - owner thread: 0x000002a684cf3800

Heap address: 0x0000000704000000, size: 4032 MB, Compressed Oops mode: Non-zero based: 0x0000000704000000
Narrow klass base: 0x0000000000000000, Narrow klass shift: 0

GC Heap History (0 events):
No events

Deoptimization events (0 events):
No events

Classes redefined (0 events):
No events

Internal exceptions (0 events):
No events

Events (1 events):
Event: 0.004 Loaded shared library C:\Program Files\Microsoft\jdk-11.0.12.7-hotspot\bin\zip.dll


Dynamic libraries:
0x00007ff6c1a70000 - 0x00007ff6c1a7d000 	C:\Program Files\Microsoft\jdk-11.0.12.7-hotspot\bin\java.exe
0x00007ff854660000 - 0x00007ff8548c7000 	C:\WINDOWS\SYSTEM32\ntdll.dll
0x00007ff852e90000 - 0x00007ff852f59000 	C:\WINDOWS\System32\KERNEL32.DLL
0x00007ff851120000 - 0x00007ff851511000 	C:\WINDOWS\System32\KERNELBASE.dll
0x00007ff850f40000 - 0x00007ff85108b000 	C:\WINDOWS\System32\ucrtbase.dll
0x00007ff80ab90000 - 0x00007ff80aba7000 	C:\Program Files\Microsoft\jdk-11.0.12.7-hotspot\bin\jli.dll
0x00007ff808600000 - 0x00007ff808615000 	C:\Program Files\Microsoft\jdk-11.0.12.7-hotspot\bin\VCRUNTIME140.dll
0x00007ff853f10000 - 0x00007ff8540d5000 	C:\WINDOWS\System32\USER32.dll
0x00007ff851880000 - 0x00007ff8518a7000 	C:\WINDOWS\System32\win32u.dll
0x00007ff83d900000 - 0x00007ff83db93000 	C:\WINDOWS\WinSxS\amd64_microsoft.windows.common-controls_6595b64144ccf1df_6.0.26100.7922_none_3e089e1ee3342171\COMCTL32.dll
0x00007ff853630000 - 0x00007ff85365b000 	C:\WINDOWS\System32\GDI32.dll
0x00007ff8540e0000 - 0x00007ff854189000 	C:\WINDOWS\System32\msvcrt.dll
0x00007ff851750000 - 0x00007ff85187a000 	C:\WINDOWS\System32\gdi32full.dll
0x00007ff851520000 - 0x00007ff8515c3000 	C:\WINDOWS\System32\msvcp_win.dll
0x00007ff8543c0000 - 0x00007ff8543f1000 	C:\WINDOWS\System32\IMM32.DLL
0x00007fffc5130000 - 0x00007fffc51cb000 	C:\Program Files\Microsoft\jdk-11.0.12.7-hotspot\bin\msvcp140.dll
0x00007fff892b0000 - 0x00007fff89e11000 	C:\Program Files\Microsoft\jdk-11.0.12.7-hotspot\bin\server\jvm.dll
0x00007ff8538e0000 - 0x00007ff85399b000 	C:\WINDOWS\System32\ADVAPI32.dll
0x00007ff854190000 - 0x00007ff854237000 	C:\WINDOWS\System32\sechost.dll
0x00007ff852400000 - 0x00007ff852518000 	C:\WINDOWS\System32\RPCRT4.dll
0x00007ff852e20000 - 0x00007ff852e28000 	C:\WINDOWS\System32\PSAPI.DLL
0x00007ff8463f0000 - 0x00007ff846425000 	C:\WINDOWS\SYSTEM32\WINMM.dll
0x00007ff84a220000 - 0x00007ff84a22a000 	C:\WINDOWS\SYSTEM32\WSOCK32.dll
0x00007ff84acb0000 - 0x00007ff84acbb000 	C:\WINDOWS\SYSTEM32\VERSION.dll
0x00007ff854240000 - 0x00007ff8542b4000 	C:\WINDOWS\System32\WS2_32.dll
0x00007ff84fc90000 - 0x00007ff84fcab000 	C:\WINDOWS\SYSTEM32\kernel.appcore.dll
0x00007ff83a340000 - 0x00007ff83a350000 	C:\Program Files\Microsoft\jdk-11.0.12.7-hotspot\bin\verify.dll
0x00007ff845070000 - 0x00007ff8452b2000 	C:\WINDOWS\SYSTEM32\DBGHELP.DLL
0x00007ff853a20000 - 0x00007ff853da2000 	C:\WINDOWS\System32\combase.dll
0x00007ff853800000 - 0x00007ff8538d7000 	C:\WINDOWS\System32\OLEAUT32.dll
0x00007ff84daf0000 - 0x00007ff84db2b000 	C:\WINDOWS\SYSTEM32\dbgcore.DLL
0x00007ff8518b0000 - 0x00007ff851955000 	C:\WINDOWS\System32\bcryptPrimitives.dll
0x00007fffe6ff0000 - 0x00007fffe7018000 	C:\Program Files\Microsoft\jdk-11.0.12.7-hotspot\bin\java.dll
0x00007ff824e80000 - 0x00007ff824e8a000 	C:\Program Files\Microsoft\jdk-11.0.12.7-hotspot\bin\jimage.dll
0x00007fffea950000 - 0x00007fffea967000 	C:\Program Files\Microsoft\jdk-11.0.12.7-hotspot\bin\zip.dll

dbghelp: loaded successfully - version: 4.0.5 - missing functions: none
symbol engine: initialized successfully - sym options: 0x614 - pdb path: .;C:\Program Files\Microsoft\jdk-11.0.12.7-hotspot\bin;C:\WINDOWS\SYSTEM32;C:\WINDOWS\WinSxS\amd64_microsoft.windows.common-controls_6595b64144ccf1df_6.0.26100.7922_none_3e089e1ee3342171;C:\Program Files\Microsoft\jdk-11.0.12.7-hotspot\bin\server

VM Arguments:
jvm_args: -Dclassworlds.conf=C:\Users\l13y17w18.LABHCI\.m2\wrapper\dists\apache-maven-3.9.10\c420edeb14f9688d31a9d0c716a35be33c299d72b0941d215bce33cc6fa81815\bin\m2.conf -Dmaven.home=C:\Users\l13y17w18.LABHCI\.m2\wrapper\dists\apache-maven-3.9.10\c420edeb14f9688d31a9d0c716a35be33c299d72b0941d215bce33cc6fa81815 -Dlibrary.jansi.path=C:\Users\l13y17w18.LABHCI\.m2\wrapper\dists\apache-maven-3.9.10\c420edeb14f9688d31a9d0c716a35be33c299d72b0941d215bce33cc6fa81815\lib\jansi-native -Dmaven.multiModuleProjectDirectory=d:\IT342_G5_Natividad_Lab1\Labang Online\Labang-Online\backend 
java_command: org.codehaus.plexus.classworlds.launcher.Launcher --version
java_class_path (initial): C:\Users\l13y17w18.LABHCI\.m2\wrapper\dists\apache-maven-3.9.10\c420edeb14f9688d31a9d0c716a35be33c299d72b0941d215bce33cc6fa81815\boot\plexus-classworlds-2.9.0.jar
Launcher Type: SUN_STANDARD

[Global flags]
     intx CICompilerCount                          = 12                                        {product} {ergonomic}
     uint ConcGCThreads                            = 4                                         {product} {ergonomic}
     uint G1ConcRefinementThreads                  = 15                                        {product} {ergonomic}
   size_t G1HeapRegionSize                         = 1048576                                   {product} {ergonomic}
    uintx GCDrainStackTargetSize                   = 64                                        {product} {ergonomic}
   size_t InitialHeapSize                          = 264241152                                 {product} {ergonomic}
   size_t MarkStackSize                            = 4194304                                   {product} {ergonomic}
   size_t MaxHeapSize                              = 4227858432                                {product} {ergonomic}
   size_t MinHeapDeltaBytes                        = 1048576                                   {product} {ergonomic}
    uintx NonNMethodCodeHeapSize                   = 7594288                                {pd product} {ergonomic}
    uintx NonProfiledCodeHeapSize                  = 122031976                              {pd product} {ergonomic}
    uintx ProfiledCodeHeapSize                     = 122031976                              {pd product} {ergonomic}
    uintx ReservedCodeCacheSize                    = 251658240                              {pd product} {ergonomic}
     bool SegmentedCodeCache                       = true                                      {product} {ergonomic}
     bool UseCompressedClassPointers               = true                                 {lp64_product} {ergonomic}
     bool UseCompressedOops                        = true                                 {lp64_product} {ergonomic}
     bool UseG1GC                                  = true                                      {product} {ergonomic}
     bool UseLargePagesIndividualAllocation        = false                                  {pd product} {ergonomic}

Logging:
Log output configuration:
 #0: stdout all=warning uptime,level,tags
 #1: stderr all=off uptime,level,tags

Environment Variables:
PATH=C:\Users\l13y17w18.LABHCI\AppData\Local\Programs\Microsoft VS Code;C:\Program Files (x86)\VMware\VMware Workstation\bin\;C:\Program Files\Microsoft\jdk-11.0.12.7-hotspot\bin;C:\Program Files\Common Files\Oracle\Java\javapath;C:\Program Files (x86)\Common Files\Oracle\Java\javapath;C:\WINDOWS\system32;C:\WINDOWS;C:\WINDOWS\System32\Wbem;C:\WINDOWS\System32\WindowsPowerShell\v1.0\;C:\WINDOWS\System32\OpenSSH\;C:\Program Files\Microsoft SQL Server\150\Tools\Binn\;C:\Program Files\Microsoft SQL Server\Client SDK\ODBC\170\Tools\Binn\;C:\Program Files\dotnet\;C:\Program Files (x86)\IncrediBuild;C:\Program Files\Git\cmd;C:\Program Files\nodejs\;C:\Users\l13y17w18.LABHCI\.local\bin;C:\Users\l13y17w18.LABHCI\AppData\Local\Microsoft\WindowsApps;C:\Users\l13y17w18.LABHCI\AppData\Local\Programs\Microsoft VS Code\bin
USERNAME=l13y17w18
OS=Windows_NT
PROCESSOR_IDENTIFIER=Intel64 Family 6 Model 151 Stepping 2, GenuineIntel



---------------  S Y S T E M  ---------------

OS: Windows 10 , 64 bit Build 26100 (10.0.26100.7920)
OS uptime: 0 days 5:52 hours
Hyper-V role detected

CPU:total 20 (initial active 20) (10 cores per cpu, 2 threads per core) family 6 model 151 stepping 2 microcode 0x23, cmov, cx8, fxsr, mmx, sse, sse2, sse3, ssse3, sse4.1, sse4.2, popcnt, avx, avx2, aes, clmul, erms, 3dnowpref, lzcnt, ht, tsc, tscinvbit, bmi1, bmi2, adx, sha, fma

Memory: 4k page, system-wide physical 16125M (1667M free)
TotalPageFile size 18413M (AvailPageFile size 251M)
current process WorkingSet (physical memory assigned to process): 12M, peak: 12M
current process commit charge ("private bytes"): 76M, peak: 328M

vm_info: OpenJDK 64-Bit Server VM (11.0.12+7) for windows-amd64 JRE (11.0.12+7), built on Jul 21 2021 15:41:43 by "" with unknown MS VC++:1916

END.
